   Compiling reedcode-prefill-fix-check v0.1.0 (/tmp/reedcode-prefill-fix/check)
warning: unused import: `Tokenizer`
 --> src/main.rs:8:23
  |
8 |     traits::{Encoder, Tokenizer},
  |                       ^^^^^^^^^
  |
  = note: `#[warn(unused_imports)]` (part of `#[warn(unused)]`) on by default

warning: function `config` is never used
  --> src/main.rs:61:4
   |
61 | fn config() -> String {
   |    ^^^^^^
   |
   = note: `#[warn(dead_code)]` (part of `#[warn(unused)]`) on by default

warning: function `fixture` is never used
  --> src/main.rs:64:4
   |
64 | fn fixture() -> Json {
   |    ^^^^^^^

warning: function `tokenizer` is never used
  --> src/main.rs:67:4
   |
67 | fn tokenizer() -> HuggingFaceTokenizer {
   |    ^^^^^^^^^

warning: struct `CompletedToolTurn` is never constructed
  --> src/accumulator.rs:10:19
   |
10 | pub(super) struct CompletedToolTurn {
   |                   ^^^^^^^^^^^^^^^^^

warning: methods `reject`, `observe`, and `finish` are never used
   --> src/accumulator.rs:19:19
    |
 18 | impl CompletedToolTurn {
    | ---------------------- methods in this implementation
 19 |     pub(super) fn reject(&mut self) {
    |                   ^^^^^^
...
 23 |     pub(super) fn observe(&mut self, response: &CreateChatCompletionStreamResponse) {
    |                   ^^^^^^^
...
102 |     pub(super) fn finish(self) -> Option<ChatCompletionRequestAssistantMessage> {
    |                   ^^^^^^

warning: function `supported_artifacts` is never used
 --> src/contract.rs:4:15
  |
4 | pub(crate) fn supported_artifacts(
  |               ^^^^^^^^^^^^^^^^^^^

warning: function `supported_tokenizer` is never used
  --> src/contract.rs:14:15
   |
14 | pub(super) fn supported_tokenizer(tokenizer: &dyn Tokenizer) -> bool {
   |               ^^^^^^^^^^^^^^^^^^^

warning: `reedcode-prefill-fix-check` (bin "reedcode-prefill-fix-check") generated 8 warnings (run `cargo fix --bin "reedcode-prefill-fix-check" -p reedcode-prefill-fix-check` to apply 1 suggestion)
    Finished `dev` profile [unoptimized + debuginfo] target(s) in 0.83s
